[debug] > Exec(run, None, None)
[debug] Evaluating tasks: Compile / run
[debug] Running task... Cancel: Signal, check cycles: false, forcegc: true
[error] org.apache.pekko.stream.impl.io.ConnectionSourceStage$$anon$1$$anon$2: Bind failed because of java.net.BindException: [/0.0.0.0:9000] Address already in use: bind
[error] Caused by: java.net.BindException: [/0.0.0.0:9000] Address already in use: bind
[error] 	at java.base/sun.nio.ch.Net.bind0(Native Method)
[error] 	at java.base/sun.nio.ch.Net.bind(Net.java:565)
[error] 	at java.base/sun.nio.ch.ServerSocketChannelImpl.netBind(ServerSocketChannelImpl.java:344)
[error] 	at java.base/sun.nio.ch.ServerSocketChannelImpl.bind(ServerSocketChannelImpl.java:301)
[error] 	at java.base/sun.nio.ch.ServerSocketAdaptor.bind(ServerSocketAdaptor.java:89)
[error] 	at org.apache.pekko.io.TcpListener.liftedTree1$1(TcpListener.scala:70)
[error] 	at org.apache.pekko.io.TcpListener.<init>(TcpListener.scala:67)
[error] 	at java.base/jdk.internal.reflect.DirectConstructorHandleAccessor.newInstance(DirectConstructorHandleAccessor.java:62)
[error] 	at java.base/java.lang.reflect.Constructor.newInstanceWithCaller(Constructor.java:502)
[error] 	at java.base/java.lang.reflect.Constructor.newInstance(Constructor.java:486)
[error] 	at org.apache.pekko.util.Reflect$.instantiate(Reflect.scala:82)
[error] 	at org.apache.pekko.actor.ArgsReflectConstructor.produce(IndirectActorProducer.scala:111)
[error] 	at org.apache.pekko.actor.Props.newActor(Props.scala:236)
[error] 	at org.apache.pekko.actor.ActorCell.newActor(ActorCell.scala:626)
[error] 	at org.apache.pekko.actor.ActorCell.create(ActorCell.scala:653)
[error] 	at org.apache.pekko.actor.ActorCell.invokeAll$1(ActorCell.scala:523)
[error] 	at org.apache.pekko.actor.ActorCell.systemInvoke(ActorCell.scala:545)
[error] 	at org.apache.pekko.dispatch.Mailbox.processAllSystemMessages(Mailbox.scala:305)
[error] 	at org.apache.pekko.dispatch.Mailbox.run(Mailbox.scala:240)
[error] 	at org.apache.pekko.dispatch.Mailbox.exec(Mailbox.scala:253)
[error] 	at java.base/java.util.concurrent.ForkJoinTask.doExec(ForkJoinTask.java:387)
[error] 	at java.base/java.util.concurrent.ForkJoinPool$WorkQueue.topLevelExec(ForkJoinPool.java:1312)
[error] 	at java.base/java.util.concurrent.ForkJoinPool.scan(ForkJoinPool.java:1843)
[error] 	at java.base/java.util.concurrent.ForkJoinPool.runWorker(ForkJoinPool.java:1808)
[error] 	at java.base/java.util.concurrent.ForkJoinWorkerThread.run(ForkJoinWorkerThread.java:188)
[error] (Compile / run) org.apache.pekko.stream.impl.io.ConnectionSourceStage$$anon$1$$anon$2: Bind failed because of java.net.BindException: [/0.0.0.0:9000] Address already in use: bind
[error] Total time: 2 s, completed Oct 31, 2024, 6:53:17 AM
[debug] > Exec(idea-shell, None, None)
