[debug] > Exec(run, None, None)
[debug] Evaluating tasks: Compile / run
[debug] Running task... Cancel: Signal, check cycles: false, forcegc: true
[debug] Running task... Cancel: Signal, check cycles: false, forcegc: true
[info] compiling 1 Scala source and 5 Java sources to C:\Users\26565\OneDrive\桌面\comp6481\SOEN-6441-Reactive-App\target\scala-2.13\classes ...
[info] C:\Users\26565\OneDrive\桌面\comp6481\SOEN-6441-Reactive-App\app\controllers\youtubeapi.java: youtubeapi.java uses or overrides a deprecated API.
[info] C:\Users\26565\OneDrive\桌面\comp6481\SOEN-6441-Reactive-App\app\controllers\youtubeapi.java: Recompile with -Xlint:deprecation for details.
[info] done compiling
[info] compiling 1 Java source to C:\Users\26565\OneDrive\桌面\comp6481\SOEN-6441-Reactive-App\target\scala-2.13\classes ...
[error] C:\Users\26565\OneDrive\桌面\comp6481\SOEN-6441-Reactive-App\app\controllers\HomeController.java:18:35: method render in class views.html.index cannot be applied to given types;
[error]   required: java.lang.String,java.util.List<Models.Video>
[error]   found:    no arguments
[error]   reason: actual and formal argument lists differ in length
[error] views.html.index.render
[error]                        ^
[error] (Compile / compileIncremental) javac returned non-zero exit code
[debug] Running task... Cancel: Signal, check cycles: false, forcegc: true
[debug] Running task... Cancel: Signal, check cycles: false, forcegc: true
[warn] Canceling execution...
[debug] Forcing garbage collection...
[error] Cancelled: run
[error] Cancelled: run
[error] Use 'last' for the full log.
[debug] > Exec(idea-shell, None, None)
