[debug] > Exec(run, None, None)
[debug] Evaluating tasks: Compile / run
[debug] Running task... Cancel: Signal, check cycles: false, forcegc: true
[debug] Running task... Cancel: Signal, check cycles: false, forcegc: true
[info] compiling 1 Scala source to C:\Users\26565\OneDrive\桌面\comp6481\SOEN-6441-Reactive-App\target\scala-2.13\classes ...
[error] error while loading Video, class file 'C:\Users\26565\OneDrive\桌面\comp6481\SOEN-6441-Reactive-App\target\scala-2.13\classes\models\Video.class' has location not matching its contents: contains class Video
[error] one error found
[error] (Compile / compileIncremental) Compilation failed
[debug] Running task... Cancel: Signal, check cycles: false, forcegc: true
[debug] Running task... Cancel: Signal, check cycles: false, forcegc: true
[debug] Running task... Cancel: Signal, check cycles: false, forcegc: true
[info] compiling 1 Scala source to C:\Users\26565\OneDrive\桌面\comp6481\SOEN-6441-Reactive-App\target\scala-2.13\classes ...
[error] error while loading Video, class file 'C:\Users\26565\OneDrive\桌面\comp6481\SOEN-6441-Reactive-App\target\scala-2.13\classes\models\Video.class' has location not matching its contents: contains class Video
[error] one error found
[error] (Compile / compileIncremental) Compilation failed
[debug] Running task... Cancel: Signal, check cycles: false, forcegc: true
[debug] Running task... Cancel: Signal, check cycles: false, forcegc: true
[warn] Canceling execution...
[error] Cancelled: run
[error] Cancelled: run
[error] Use 'last' for the full log.
[debug] > Exec(idea-shell, None, None)
